[stadia.google.com/gg/index.html]
[backblue.gif]
[fade.gif]
[index.html]
[ssl.gstatic.com/stadia/gamers/assets/stadia_logo_and_text_v1.jpg]
[ssl.gstatic.com/stadia/gamers/assets/app-icon-v2-128.png]
[ssl.gstatic.com/stadia/gamers/assets/app-icon-v2-192.png]
[ssl.gstatic.com/stadia/gamers/assets/app-icon-v2-256.png]
[ssl.gstatic.com/stadia/gamers/assets/app-icon-v2-512.png]
[ssl.gstatic.com/stadia/gamers/assets/app-splash-1125x2436.png]
[ssl.gstatic.com/stadia/gamers/assets/app-splash-828x1792.png]
[ssl.gstatic.com/stadia/gamers/assets/app-splash-1242x2208.png]
[ssl.gstatic.com/stadia/gamers/assets/app-splash-2048x2732.png]
[ssl.gstatic.com/stadia/gamers/assets/app-splash-1668x2388.png]
[ssl.gstatic.com/stadia/gamers/assets/app-splash-1668x2224.png]
[ssl.gstatic.com/stadia/gamers/assets/app-splash-1536x2048.png]
[stadia.google.com/gg/index-cs-ALL.html]
[stadia.google.com/gg/index-da-ALL.html]
[stadia.google.com/gg/index-de-ALL.html]
[stadia.google.com/gg/index-en-GB.html]
[stadia.google.com/gg/index-es-ALL.html]
[stadia.google.com/gg/index-es-419.html]
[stadia.google.com/gg/index-fr-ALL.html]
[stadia.google.com/gg/index-fr-CA.html]
[stadia.google.com/gg/index-it-ALL.html]
[stadia.google.com/gg/index-hu-ALL.html]
[stadia.google.com/gg/index-nl-ALL.html]
[stadia.google.com/gg/index-no-ALL.html]
[stadia.google.com/gg/index-pl-ALL.html]
[stadia.google.com/gg/index-pt-ALL.html]
[stadia.google.com/gg/index-ro-ALL.html]
[stadia.google.com/gg/index-sk-ALL.html]
[stadia.google.com/gg/index-fi-ALL.html]
[stadia.google.com/gg/index-sv-ALL.html]
[stadia.google.com/gg/index-tr-ALL.html]
[stadia.google.com/gg/image/stadia_controller.png]
[stadia.google.com/gg/index.html]
[stadia.google.com/gg/image/logo-full.svg]
[stadia.google.com/index.html]
[ssl.gstatic.com/stadia/gamers/assets/app-splash-750x1334.html]
[stadia.google.com/controller/index.html]
[stadia.google.com/gg/image/chevron-down.svg]
[stadia.google.com/gg/style/main.css]
[stadia.google.com/gg/index-2.html]
[stadia.google.com/gg/index-cs-ALL.html]
[stadia.google.com/gg/index-da-ALL.html]
[stadia.google.com/gg/index-de-ALL.html]
[stadia.google.com/gg/index-en-GB.html]
[stadia.google.com/gg/index-es-ALL.html]
[stadia.google.com/gg/index-es-419.html]
[stadia.google.com/gg/index-fr-ALL.html]
[stadia.google.com/gg/index-fr-CA.html]
[stadia.google.com/gg/index-it-ALL.html]
[stadia.google.com/gg/index-hu-ALL.html]
[stadia.google.com/gg/index-nl-ALL.html]
[stadia.google.com/gg/index-no-ALL.html]
[stadia.google.com/gg/index-pl-ALL.html]
[stadia.google.com/gg/index-pt-ALL.html]
[stadia.google.com/gg/index-ro-ALL.html]
[stadia.google.com/gg/index-sk-ALL.html]
[stadia.google.com/gg/index-fi-ALL.html]
[stadia.google.com/gg/index-sv-ALL.html]
[stadia.google.com/gg/index-tr-ALL.html]
[stadia.google.com/controller/index_de.html]
[stadia.google.com/controller/index_no.html]
[stadia.google.com/controller/index_en_US.html]
[stadia.google.com/controller/index_fi.html]
[stadia.google.com/controller/index_sv.html]
[stadia.google.com/controller/index_it.html]
[stadia.google.com/controller/index_fr.html]
[stadia.google.com/controller/index_hu.html]
[stadia.google.com/controller/index_fr_CA.html]
[stadia.google.com/controller/index_es.html]
[stadia.google.com/controller/index_cs.html]
[stadia.google.com/controller/index_pt_PT.html]
[stadia.google.com/controller/index_sk.html]
[stadia.google.com/controller/index_pl.html]
[stadia.google.com/controller/index_da.html]
[stadia.google.com/controller/index_ro.html]
[stadia.google.com/controller/index_ca.html]
[stadia.google.com/controller/index_nl.html]
[stadia.google.com/controller/index_en_GB.html]
[stadia.google.com/controller/index_es_419.html]
[stadia.google.com/controller/index_tr.html]
[stadia.google.com/controller/assets/background-gradient.svg]
[stadia.google.com/controller/assets/background-top-curve.svg]
[stadia.google.com/controller/assets/logo-mark.svg]
[stadia.google.com/controller/assets/controller-1x.webp]
[stadia.google.com/controller/assets/hero-background-rocket.svg]
[stadia.google.com/controller/assets/bt-wave-lg.svg]
[stadia.google.com/controller/assets/bt-wave-md.svg]
[stadia.google.com/controller/assets/bt-wave-sm.svg]
[stadia.google.com/controller/assets/hero-background-all.svg]
[stadia.google.com/controller/assets/Verify_Plug_in_controller.svg]
[stadia.google.com/controller/assets/Chrome_dialog_Verify_en-US.svg]
[stadia.google.com/controller/assets/Check_Bluetooth_mode.svg]
[stadia.google.com/controller/assets/Check_Wifi_mode.svg]
[stadia.google.com/controller/assets/Verify_Chrome_verified_your_controller.svg]
[stadia.google.com/controller/assets/Unlock_Unplug.svg]
[stadia.google.com/controller/assets/Unlock_Four_buttons.svg]
[stadia.google.com/controller/assets/Chrome_dialog_Download_en-US.svg]
[stadia.google.com/controller/assets/Download_Download_complete.svg]
[stadia.google.com/controller/assets/Chrome_dialog_Install_en-US.svg]
[stadia.google.com/controller/assets/Finish_Bluetooth_enabled.svg]
[stadia.google.com/controller/assets/Finish_Wi_Fi_enabled.svg]
[stadia.google.com/controller/assets/Finished_but_needs_confirmation.svg]
[stadia.google.com/controller/assets/Pairing_mode.svg]
[stadia.google.com/controller/assets/LED_Flashing_Orange.svg]
[stadia.google.com/controller/assets/LED_Flashing_White.svg]
[stadia.google.com/controller/assets/LED_Solid_White.svg]
[stadia.google.com/controller/assets/logo-dark.svg]
[stadia.google.com/controller/app_combined.js]
[stadia.google.com/controller/index.html]
[stadia.google.com/gg/image/logo-full.svg]
[stadia.google.com/gg/image/chevron-down.svg]
[stadia.google.com/gg/index-2.html]
[stadia.google.com/controller/assets/Chrome_dialog_Verify_de.svg]
[stadia.google.com/controller/assets/Chrome_dialog_Download_de.svg]
[stadia.google.com/controller/assets/Chrome_dialog_Install_de.svg]
[stadia.google.com/controller/app_combined__de.js]
[stadia.google.com/controller/index_de.html]
[stadia.google.com/controller/assets/Chrome_dialog_Verify_no.svg]
[stadia.google.com/controller/assets/Chrome_dialog_Download_no.svg]
[stadia.google.com/controller/assets/Chrome_dialog_Install_no.svg]
[stadia.google.com/controller/app_combined__no.js]
[stadia.google.com/controller/index_no.html]
[stadia.google.com/controller/app_combined__en_us.js]
[stadia.google.com/controller/index_en_US.html]
[stadia.google.com/controller/assets/Chrome_dialog_Verify_fi.svg]
[stadia.google.com/controller/assets/Chrome_dialog_Download_fi.svg]
[stadia.google.com/controller/assets/Chrome_dialog_Install_fi.svg]
[stadia.google.com/controller/app_combined__fi.js]
[stadia.google.com/controller/index_fi.html]
[stadia.google.com/controller/assets/Chrome_dialog_Verify_sv.svg]
[stadia.google.com/controller/assets/Chrome_dialog_Download_sv.svg]
[stadia.google.com/controller/assets/Chrome_dialog_Install_sv.svg]
[stadia.google.com/controller/app_combined__sv.js]
[stadia.google.com/controller/index_sv.html]
[stadia.google.com/controller/assets/Chrome_dialog_Verify_it.svg]
[stadia.google.com/controller/assets/Chrome_dialog_Download_it.svg]
[stadia.google.com/controller/assets/Chrome_dialog_Install_it.svg]
[stadia.google.com/controller/app_combined__it.js]
[stadia.google.com/controller/index_it.html]
[stadia.google.com/controller/assets/Chrome_dialog_Verify_fr.svg]
[stadia.google.com/controller/assets/Chrome_dialog_Download_fr.svg]
[stadia.google.com/controller/assets/Chrome_dialog_Install_fr.svg]
[stadia.google.com/controller/app_combined__fr.js]
[stadia.google.com/controller/index_fr.html]
[stadia.google.com/controller/assets/Chrome_dialog_Verify_hu.svg]
[stadia.google.com/controller/assets/Chrome_dialog_Download_hu.svg]
[stadia.google.com/controller/assets/Chrome_dialog_Install_hu.svg]
[stadia.google.com/controller/app_combined__hu.js]
[stadia.google.com/controller/index_hu.html]
[stadia.google.com/controller/assets/Chrome_dialog_Verify_fr-CA.svg]
[stadia.google.com/controller/assets/Chrome_dialog_Download_fr-CA.svg]
[stadia.google.com/controller/assets/Chrome_dialog_Install_fr-CA.svg]
[stadia.google.com/controller/app_combined__fr_ca.js]
[stadia.google.com/controller/index_fr_CA.html]
[stadia.google.com/controller/assets/Chrome_dialog_Verify_es.svg]
[stadia.google.com/controller/assets/Chrome_dialog_Download_es.svg]
[stadia.google.com/controller/assets/Chrome_dialog_Install_es.svg]
[stadia.google.com/controller/app_combined__es.js]
[stadia.google.com/controller/index_es.html]
[stadia.google.com/controller/assets/Chrome_dialog_Verify_cs.svg]
[stadia.google.com/controller/assets/Chrome_dialog_Download_cs.svg]
[stadia.google.com/controller/assets/Chrome_dialog_Install_cs.svg]
[stadia.google.com/controller/app_combined__cs.js]
[stadia.google.com/controller/index_cs.html]
[stadia.google.com/controller/assets/Chrome_dialog_Verify_pt-PT.svg]
[stadia.google.com/controller/assets/Chrome_dialog_Download_pt-PT.svg]
[stadia.google.com/controller/assets/Chrome_dialog_Install_pt-PT.svg]
[stadia.google.com/controller/app_combined__pt_pt.js]
[stadia.google.com/controller/index_pt_PT.html]
[stadia.google.com/controller/assets/Chrome_dialog_Verify_sk.svg]
[stadia.google.com/controller/assets/Chrome_dialog_Download_sk.svg]
[stadia.google.com/controller/assets/Chrome_dialog_Install_sk.svg]
[stadia.google.com/controller/app_combined__sk.js]
[stadia.google.com/controller/index_sk.html]
[stadia.google.com/controller/assets/Chrome_dialog_Verify_pl.svg]
[stadia.google.com/controller/assets/Chrome_dialog_Download_pl.svg]
[stadia.google.com/controller/assets/Chrome_dialog_Install_pl.svg]
[stadia.google.com/controller/app_combined__pl.js]
[stadia.google.com/controller/index_pl.html]
[stadia.google.com/controller/assets/Chrome_dialog_Verify_da.svg]
[stadia.google.com/controller/assets/Chrome_dialog_Download_da.svg]
[stadia.google.com/controller/assets/Chrome_dialog_Install_da.svg]
[stadia.google.com/controller/app_combined__da.js]
[stadia.google.com/controller/index_da.html]
[stadia.google.com/controller/assets/Chrome_dialog_Verify_ro.svg]
[stadia.google.com/controller/assets/Chrome_dialog_Download_ro.svg]
[stadia.google.com/controller/assets/Chrome_dialog_Install_ro.svg]
[stadia.google.com/controller/app_combined__ro.js]
[stadia.google.com/controller/index_ro.html]
[stadia.google.com/controller/assets/Chrome_dialog_Verify_ca.svg]
[stadia.google.com/controller/assets/Chrome_dialog_Download_ca.svg]
[stadia.google.com/controller/assets/Chrome_dialog_Install_ca.svg]
[stadia.google.com/controller/app_combined__ca.js]
[stadia.google.com/controller/index_ca.html]
[stadia.google.com/controller/assets/Chrome_dialog_Verify_nl.svg]
[stadia.google.com/controller/assets/Chrome_dialog_Download_nl.svg]
[stadia.google.com/controller/assets/Chrome_dialog_Install_nl.svg]
[stadia.google.com/controller/app_combined__nl.js]
[stadia.google.com/controller/index_nl.html]
[stadia.google.com/controller/assets/Chrome_dialog_Verify_en-GB.svg]
[stadia.google.com/controller/assets/Chrome_dialog_Download_en-GB.svg]
[stadia.google.com/controller/assets/Chrome_dialog_Install_en-GB.svg]
[stadia.google.com/controller/app_combined__en_gb.js]
[stadia.google.com/controller/index_en_GB.html]
[stadia.google.com/controller/assets/Chrome_dialog_Verify_es-419.svg]
[stadia.google.com/controller/assets/Chrome_dialog_Download_es-419.svg]
[stadia.google.com/controller/assets/Chrome_dialog_Install_es-419.svg]
[stadia.google.com/controller/app_combined__es_419.js]
[stadia.google.com/controller/index_es_419.html]
[stadia.google.com/controller/assets/Chrome_dialog_Verify_tr.svg]
[stadia.google.com/controller/assets/Chrome_dialog_Download_tr.svg]
[stadia.google.com/controller/assets/Chrome_dialog_Install_tr.svg]
[stadia.google.com/controller/app_combined__tr.js]
[stadia.google.com/controller/index_tr.html]
[stadia.google.com/controller/app.css]
[stadia.google.com/controller/assets/background-gradient.svg]
[stadia.google.com/controller/assets/background-top-curve.svg]
[stadia.google.com/controller/assets/logo-mark.svg]
[stadia.google.com/controller/assets/hero-background-rocket.svg]
[stadia.google.com/controller/assets/bt-wave-lg.svg]
[stadia.google.com/controller/assets/bt-wave-md.svg]
[stadia.google.com/controller/assets/bt-wave-sm.svg]
[stadia.google.com/controller/assets/hero-background-all.svg]
[stadia.google.com/controller/assets/Verify_Plug_in_controller.svg]
[stadia.google.com/controller/assets/Chrome_dialog_Verify_en-US.svg]
[stadia.google.com/controller/assets/Check_Bluetooth_mode.svg]
[stadia.google.com/controller/assets/Check_Wifi_mode.svg]
[stadia.google.com/controller/assets/Verify_Chrome_verified_your_controller.svg]
[stadia.google.com/controller/assets/Unlock_Unplug.svg]
[stadia.google.com/controller/assets/Unlock_Four_buttons.svg]
[stadia.google.com/controller/assets/Chrome_dialog_Download_en-US.svg]
[stadia.google.com/controller/assets/Download_Download_complete.svg]
[stadia.google.com/controller/assets/Chrome_dialog_Install_en-US.svg]
[stadia.google.com/controller/assets/Finish_Bluetooth_enabled.svg]
[stadia.google.com/controller/assets/Finish_Wi_Fi_enabled.svg]
[stadia.google.com/controller/assets/Finished_but_needs_confirmation.svg]
[stadia.google.com/controller/assets/Pairing_mode.svg]
[stadia.google.com/controller/assets/LED_Flashing_Orange.svg]
[stadia.google.com/controller/assets/LED_Flashing_White.svg]
[stadia.google.com/controller/assets/LED_Solid_White.svg]
[stadia.google.com/controller/assets/logo-dark.svg]
[stadia.google.com/controller/assets/Chrome_dialog_Verify_de.svg]
[stadia.google.com/controller/assets/Chrome_dialog_Download_de.svg]
[stadia.google.com/controller/assets/Chrome_dialog_Install_de.svg]
[stadia.google.com/controller/assets/Chrome_dialog_Verify_no.svg]
[stadia.google.com/controller/assets/Chrome_dialog_Download_no.svg]
[stadia.google.com/controller/assets/Chrome_dialog_Install_no.svg]
[stadia.google.com/controller/assets/Chrome_dialog_Verify_fi.svg]
[stadia.google.com/controller/assets/Chrome_dialog_Download_fi.svg]
[stadia.google.com/controller/assets/Chrome_dialog_Install_fi.svg]
[stadia.google.com/controller/assets/Chrome_dialog_Verify_sv.svg]
[stadia.google.com/controller/assets/Chrome_dialog_Download_sv.svg]
[stadia.google.com/controller/assets/Chrome_dialog_Install_sv.svg]
[stadia.google.com/controller/assets/Chrome_dialog_Verify_it.svg]
[stadia.google.com/controller/assets/Chrome_dialog_Download_it.svg]
[stadia.google.com/controller/assets/Chrome_dialog_Install_it.svg]
[stadia.google.com/controller/assets/Chrome_dialog_Verify_fr.svg]
[stadia.google.com/controller/assets/Chrome_dialog_Download_fr.svg]
[stadia.google.com/controller/assets/Chrome_dialog_Install_fr.svg]
[stadia.google.com/controller/assets/Chrome_dialog_Verify_hu.svg]
[stadia.google.com/controller/assets/Chrome_dialog_Download_hu.svg]
[stadia.google.com/controller/assets/Chrome_dialog_Install_hu.svg]
[stadia.google.com/controller/assets/Chrome_dialog_Verify_fr-CA.svg]
[stadia.google.com/controller/assets/Chrome_dialog_Download_fr-CA.svg]
[stadia.google.com/controller/assets/Chrome_dialog_Install_fr-CA.svg]
[stadia.google.com/controller/assets/Chrome_dialog_Verify_es.svg]
[stadia.google.com/controller/assets/Chrome_dialog_Download_es.svg]
[stadia.google.com/controller/assets/Chrome_dialog_Install_es.svg]
[stadia.google.com/controller/assets/Chrome_dialog_Verify_cs.svg]
[stadia.google.com/controller/assets/Chrome_dialog_Download_cs.svg]
[stadia.google.com/controller/assets/Chrome_dialog_Install_cs.svg]
[stadia.google.com/controller/assets/Chrome_dialog_Verify_pt-PT.svg]
[stadia.google.com/controller/assets/Chrome_dialog_Download_pt-PT.svg]
[stadia.google.com/controller/assets/Chrome_dialog_Install_pt-PT.svg]
[stadia.google.com/controller/assets/Chrome_dialog_Verify_sk.svg]
[stadia.google.com/controller/assets/Chrome_dialog_Download_sk.svg]
[stadia.google.com/controller/assets/Chrome_dialog_Install_sk.svg]
[stadia.google.com/controller/assets/Chrome_dialog_Verify_pl.svg]
[stadia.google.com/controller/assets/Chrome_dialog_Download_pl.svg]
[stadia.google.com/controller/assets/Chrome_dialog_Install_pl.svg]
[stadia.google.com/controller/assets/Chrome_dialog_Verify_da.svg]
[stadia.google.com/controller/assets/Chrome_dialog_Download_da.svg]
[stadia.google.com/controller/assets/Chrome_dialog_Install_da.svg]
[stadia.google.com/controller/assets/Chrome_dialog_Verify_ro.svg]
[stadia.google.com/controller/assets/Chrome_dialog_Download_ro.svg]
[stadia.google.com/controller/assets/Chrome_dialog_Install_ro.svg]
[stadia.google.com/controller/assets/Chrome_dialog_Verify_ca.svg]
[stadia.google.com/controller/assets/Chrome_dialog_Download_ca.svg]
[stadia.google.com/controller/assets/Chrome_dialog_Install_ca.svg]
[stadia.google.com/controller/assets/Chrome_dialog_Verify_nl.svg]
[stadia.google.com/controller/assets/Chrome_dialog_Download_nl.svg]
[stadia.google.com/controller/assets/Chrome_dialog_Install_nl.svg]
[stadia.google.com/controller/assets/Chrome_dialog_Verify_en-GB.svg]
[stadia.google.com/controller/assets/Chrome_dialog_Download_en-GB.svg]
[stadia.google.com/controller/assets/Chrome_dialog_Install_en-GB.svg]
[stadia.google.com/controller/assets/Chrome_dialog_Verify_es-419.svg]
[stadia.google.com/controller/assets/Chrome_dialog_Download_es-419.svg]
[stadia.google.com/controller/assets/Chrome_dialog_Install_es-419.svg]
[stadia.google.com/controller/assets/Chrome_dialog_Verify_tr.svg]
[stadia.google.com/controller/assets/Chrome_dialog_Download_tr.svg]
[stadia.google.com/controller/assets/Chrome_dialog_Install_tr.svg]
